// Jest Snapshot v1, https://goo.gl/fbAQLP

exports[`Component: MainAppBar Should render successfully and match the snapshot 1`] = `
<WithStyles(AppBar)
  color="default"
  position="static"
>
  <WithStyles(Toolbar)>
    <WithStyles(Typography)
      color="inherit"
      variant="title"
    >
      Your Forecast
    </WithStyles(Typography)>
  </WithStyles(Toolbar)>
</WithStyles(AppBar)>
`;
